
> weahter-app@0.0.0 build
> tsc -b && vite build

[36mvite v7.3.1 [32mbuilding client environment for production...[36m[39m
transforming...
[32mΓ£ô[39m 6 modules transformed.
node.exe : 
[31mΓ£ù[39m Build 
failed in 284ms
At line:1 char:1
+ & "C:\Program Files\
nodejs/node.exe" "C:\U
sers\HP\AppData\Roamin
g\npm ...
+ ~~~~~~~~~~~~~~~~~~~~
~~~~~~~~~~~~~~~~~~~~~~
~~~~~~~~~~~~~~~~~~~~~~
~~~~~
    + CategoryInfo    
          : NotSpeci  
  fied: ([31mΓ£ù[   
 39m Build failed     
in 284ms:String)     
[], RemoteExcepti    
on
    + FullyQualifiedE 
   rrorId : NativeCo  
  mmandError
 
[31merror during 
build:
[31m[@tailwindcss/vit
e:generate:build] 
Cannot apply unknown 
utility class `shadow-
[0_8px_32px_0_rgba(0,`
[31m
file: [36mC:/Users/HP
/Desktop/Weahter 
App/src/index.css[31m
    at 
onInvalidCandidate (fi
le:///C:/Users/HP/Desk
top/Weahter%20App/node
_modules/tailwindcss/d
ist/chunk-L5IEUH3R.mjs
:21:1511)
    at $e (file:///C:/
Users/HP/Desktop/Weaht
er%20App/node_modules/
tailwindcss/dist/chunk
-L5IEUH3R.mjs:16:36740
)
    at file:///C:/User
s/HP/Desktop/Weahter%2
0App/node_modules/tail
windcss/dist/chunk-L5I
EUH3R.mjs:21:355
    at Ar (file:///C:/
Users/HP/Desktop/Weaht
er%20App/node_modules/
tailwindcss/dist/chunk
-L5IEUH3R.mjs:3:1733)
    at I (file:///C:/U
sers/HP/Desktop/Weahte
r%20App/node_modules/t
ailwindcss/dist/chunk-
L5IEUH3R.mjs:3:1377)
    at Ce (file:///C:/
Users/HP/Desktop/Weaht
er%20App/node_modules/
tailwindcss/dist/chunk
-L5IEUH3R.mjs:21:172)
    at Gi (file:///C:/
Users/HP/Desktop/Weaht
er%20App/node_modules/
tailwindcss/dist/chunk
-L5IEUH3R.mjs:38:294)
    at async ao (file:
///C:/Users/HP/Desktop
/Weahter%20App/node_mo
dules/tailwindcss/dist
/chunk-L5IEUH3R.mjs:38
:631)
    at async vf (file:
///C:/Users/HP/Desktop
/Weahter%20App/node_mo
dules/tailwindcss/dist
/chunk-L5IEUH3R.mjs:38
:1406)
    at async uu (file:
///C:/Users/HP/Desktop
/Weahter%20App/node_mo
dules/@tailwindcss/nod
e/dist/index.mjs:10:34
58)[39m
